rc522.c:31:6:MFRC522_Init	8	static
rc522.c:43:9:MFRC522_Check	24	static
rc522.c:51:9:MFRC522_Compare	24	static
rc522.c:59:6:MFRC522_WriteRegister	16	static
rc522.c:64:9:MFRC522_ReadRegister	24	static
rc522.c:72:6:MFRC522_SetBitMask	16	static
rc522.c:76:6:MFRC522_ClearBitMask	16	static
rc522.c:80:6:MFRC522_AntennaOn	16	static
rc522.c:87:6:MFRC522_AntennaOff	8	static
rc522.c:91:6:MFRC522_Reset	8	static
rc522.c:95:9:MFRC522_Request	32	static
rc522.c:106:9:MFRC522_ToCard	40	static
rc522.c:169:9:MFRC522_Anticoll	32	static
rc522.c:187:6:MFRC522_CalculateCRC	40	static
rc522.c:210:9:MFRC522_SelectTag	40	static
rc522.c:226:9:MFRC522_Auth	48	static
rc522.c:242:9:MFRC522_Read	32	static
rc522.c:254:9:MFRC522_Write	48	static
rc522.c:275:6:MFRC522_Halt	24	static
